Archive member included because of file (symbol)

c:/sysgcc/arm-eabi/bin/../lib/gcc/arm-eabi/4.9.2/../../../../arm-eabi/lib/thumb/cortex_m4\libg.a(lib_a-atexit.o)
                              c:/sysgcc/arm-eabi/bin/../lib/gcc/arm-eabi/4.9.2/../../../../arm-eabi/lib/thumb/cortex_m4/crt0.o (atexit)
c:/sysgcc/arm-eabi/bin/../lib/gcc/arm-eabi/4.9.2/../../../../arm-eabi/lib/thumb/cortex_m4\libg.a(lib_a-exit.o)
                              c:/sysgcc/arm-eabi/bin/../lib/gcc/arm-eabi/4.9.2/../../../../arm-eabi/lib/thumb/cortex_m4/crt0.o (exit)
c:/sysgcc/arm-eabi/bin/../lib/gcc/arm-eabi/4.9.2/../../../../arm-eabi/lib/thumb/cortex_m4\libg.a(lib_a-fini.o)
                              c:/sysgcc/arm-eabi/bin/../lib/gcc/arm-eabi/4.9.2/../../../../arm-eabi/lib/thumb/cortex_m4/crt0.o (__libc_fini_array)
c:/sysgcc/arm-eabi/bin/../lib/gcc/arm-eabi/4.9.2/../../../../arm-eabi/lib/thumb/cortex_m4\libg.a(lib_a-impure.o)
                              c:/sysgcc/arm-eabi/bin/../lib/gcc/arm-eabi/4.9.2/../../../../arm-eabi/lib/thumb/cortex_m4\libg.a(lib_a-exit.o) (_global_impure_ptr)
c:/sysgcc/arm-eabi/bin/../lib/gcc/arm-eabi/4.9.2/../../../../arm-eabi/lib/thumb/cortex_m4\libg.a(lib_a-init.o)
                              c:/sysgcc/arm-eabi/bin/../lib/gcc/arm-eabi/4.9.2/../../../../arm-eabi/lib/thumb/cortex_m4/crt0.o (__libc_init_array)
c:/sysgcc/arm-eabi/bin/../lib/gcc/arm-eabi/4.9.2/../../../../arm-eabi/lib/thumb/cortex_m4\libg.a(lib_a-memset.o)
                              c:/sysgcc/arm-eabi/bin/../lib/gcc/arm-eabi/4.9.2/../../../../arm-eabi/lib/thumb/cortex_m4/crt0.o (memset)
c:/sysgcc/arm-eabi/bin/../lib/gcc/arm-eabi/4.9.2/../../../../arm-eabi/lib/thumb/cortex_m4\libg.a(lib_a-syscalls.o)
                              c:/sysgcc/arm-eabi/bin/../lib/gcc/arm-eabi/4.9.2/../../../../arm-eabi/lib/thumb/cortex_m4/crt0.o (initialise_monitor_handles)
c:/sysgcc/arm-eabi/bin/../lib/gcc/arm-eabi/4.9.2/../../../../arm-eabi/lib/thumb/cortex_m4\libg.a(lib_a-__atexit.o)
                              c:/sysgcc/arm-eabi/bin/../lib/gcc/arm-eabi/4.9.2/../../../../arm-eabi/lib/thumb/cortex_m4\libg.a(lib_a-atexit.o) (__register_exitproc)
c:/sysgcc/arm-eabi/bin/../lib/gcc/arm-eabi/4.9.2/../../../../arm-eabi/lib/thumb/cortex_m4\libg.a(lib_a-__call_atexit.o)
                              c:/sysgcc/arm-eabi/bin/../lib/gcc/arm-eabi/4.9.2/../../../../arm-eabi/lib/thumb/cortex_m4\libg.a(lib_a-exit.o) (__call_exitprocs)
c:/sysgcc/arm-eabi/bin/../lib/gcc/arm-eabi/4.9.2/../../../../arm-eabi/lib/thumb/cortex_m4\libg.a(lib_a-errno.o)
                              c:/sysgcc/arm-eabi/bin/../lib/gcc/arm-eabi/4.9.2/../../../../arm-eabi/lib/thumb/cortex_m4\libg.a(lib_a-syscalls.o) (__errno)
c:/sysgcc/arm-eabi/bin/../lib/gcc/arm-eabi/4.9.2/../../../../arm-eabi/lib/thumb/cortex_m4\libg.a(lib_a-findfp.o)
                              c:/sysgcc/arm-eabi/bin/../lib/gcc/arm-eabi/4.9.2/../../../../arm-eabi/lib/thumb/cortex_m4\libg.a(lib_a-syscalls.o) (__sinit)
c:/sysgcc/arm-eabi/bin/../lib/gcc/arm-eabi/4.9.2/../../../../arm-eabi/lib/thumb/cortex_m4\libg.a(lib_a-fwalk.o)
                              c:/sysgcc/arm-eabi/bin/../lib/gcc/arm-eabi/4.9.2/../../../../arm-eabi/lib/thumb/cortex_m4\libg.a(lib_a-findfp.o) (_fwalk)
c:/sysgcc/arm-eabi/bin/../lib/gcc/arm-eabi/4.9.2/../../../../arm-eabi/lib/thumb/cortex_m4\libg.a(lib_a-mallocr.o)
                              c:/sysgcc/arm-eabi/bin/../lib/gcc/arm-eabi/4.9.2/../../../../arm-eabi/lib/thumb/cortex_m4\libg.a(lib_a-findfp.o) (_malloc_r)
c:/sysgcc/arm-eabi/bin/../lib/gcc/arm-eabi/4.9.2/../../../../arm-eabi/lib/thumb/cortex_m4\libg.a(lib_a-mlock.o)
                              c:/sysgcc/arm-eabi/bin/../lib/gcc/arm-eabi/4.9.2/../../../../arm-eabi/lib/thumb/cortex_m4\libg.a(lib_a-mallocr.o) (__malloc_lock)
c:/sysgcc/arm-eabi/bin/../lib/gcc/arm-eabi/4.9.2/../../../../arm-eabi/lib/thumb/cortex_m4\libg.a(lib_a-sbrkr.o)
                              c:/sysgcc/arm-eabi/bin/../lib/gcc/arm-eabi/4.9.2/../../../../arm-eabi/lib/thumb/cortex_m4\libg.a(lib_a-mallocr.o) (_sbrk_r)
c:/sysgcc/arm-eabi/bin/../lib/gcc/arm-eabi/4.9.2/../../../../arm-eabi/lib/thumb/cortex_m4\libg.a(lib_a-stdio.o)
                              c:/sysgcc/arm-eabi/bin/../lib/gcc/arm-eabi/4.9.2/../../../../arm-eabi/lib/thumb/cortex_m4\libg.a(lib_a-findfp.o) (__sread)
c:/sysgcc/arm-eabi/bin/../lib/gcc/arm-eabi/4.9.2/../../../../arm-eabi/lib/thumb/cortex_m4\libg.a(lib_a-strlen.o)
                              c:/sysgcc/arm-eabi/bin/../lib/gcc/arm-eabi/4.9.2/../../../../arm-eabi/lib/thumb/cortex_m4\libg.a(lib_a-syscalls.o) (strlen)
c:/sysgcc/arm-eabi/bin/../lib/gcc/arm-eabi/4.9.2/../../../../arm-eabi/lib/thumb/cortex_m4\libg.a(lib_a-writer.o)
                              c:/sysgcc/arm-eabi/bin/../lib/gcc/arm-eabi/4.9.2/../../../../arm-eabi/lib/thumb/cortex_m4\libg.a(lib_a-stdio.o) (_write_r)
c:/sysgcc/arm-eabi/bin/../lib/gcc/arm-eabi/4.9.2/../../../../arm-eabi/lib/thumb/cortex_m4\libg.a(lib_a-closer.o)
                              c:/sysgcc/arm-eabi/bin/../lib/gcc/arm-eabi/4.9.2/../../../../arm-eabi/lib/thumb/cortex_m4\libg.a(lib_a-stdio.o) (_close_r)
c:/sysgcc/arm-eabi/bin/../lib/gcc/arm-eabi/4.9.2/../../../../arm-eabi/lib/thumb/cortex_m4\libg.a(lib_a-fclose.o)
                              c:/sysgcc/arm-eabi/bin/../lib/gcc/arm-eabi/4.9.2/../../../../arm-eabi/lib/thumb/cortex_m4\libg.a(lib_a-findfp.o) (fclose)
c:/sysgcc/arm-eabi/bin/../lib/gcc/arm-eabi/4.9.2/../../../../arm-eabi/lib/thumb/cortex_m4\libg.a(lib_a-fflush.o)
                              c:/sysgcc/arm-eabi/bin/../lib/gcc/arm-eabi/4.9.2/../../../../arm-eabi/lib/thumb/cortex_m4\libg.a(lib_a-fclose.o) (_fflush_r)
c:/sysgcc/arm-eabi/bin/../lib/gcc/arm-eabi/4.9.2/../../../../arm-eabi/lib/thumb/cortex_m4\libg.a(lib_a-freer.o)
                              c:/sysgcc/arm-eabi/bin/../lib/gcc/arm-eabi/4.9.2/../../../../arm-eabi/lib/thumb/cortex_m4\libg.a(lib_a-mallocr.o) (_free_r)
c:/sysgcc/arm-eabi/bin/../lib/gcc/arm-eabi/4.9.2/../../../../arm-eabi/lib/thumb/cortex_m4\libg.a(lib_a-lseekr.o)
                              c:/sysgcc/arm-eabi/bin/../lib/gcc/arm-eabi/4.9.2/../../../../arm-eabi/lib/thumb/cortex_m4\libg.a(lib_a-stdio.o) (_lseek_r)
c:/sysgcc/arm-eabi/bin/../lib/gcc/arm-eabi/4.9.2/../../../../arm-eabi/lib/thumb/cortex_m4\libg.a(lib_a-readr.o)
                              c:/sysgcc/arm-eabi/bin/../lib/gcc/arm-eabi/4.9.2/../../../../arm-eabi/lib/thumb/cortex_m4\libg.a(lib_a-stdio.o) (_read_r)
c:/sysgcc/arm-eabi/bin/../lib/gcc/arm-eabi/4.9.2/../../../../arm-eabi/lib/thumb/cortex_m4\libg.a(lib_a-reent.o)
                              c:/sysgcc/arm-eabi/bin/../lib/gcc/arm-eabi/4.9.2/../../../../arm-eabi/lib/thumb/cortex_m4\libg.a(lib_a-sbrkr.o) (errno)

Allocating common symbols
Common symbol       size              file

errno               0x4               c:/sysgcc/arm-eabi/bin/../lib/gcc/arm-eabi/4.9.2/../../../../arm-eabi/lib/thumb/cortex_m4\libg.a(lib_a-reent.o)

Discarded input sections

 .text          0x00000000        0x0 c:/sysgcc/arm-eabi/bin/../lib/gcc/arm-eabi/4.9.2/thumb/cortex_m4/crti.o
 .data          0x00000000        0x0 c:/sysgcc/arm-eabi/bin/../lib/gcc/arm-eabi/4.9.2/thumb/cortex_m4/crti.o
 .bss           0x00000000        0x0 c:/sysgcc/arm-eabi/bin/../lib/gcc/arm-eabi/4.9.2/thumb/cortex_m4/crti.o
 .data          0x00000000        0x4 c:/sysgcc/arm-eabi/bin/../lib/gcc/arm-eabi/4.9.2/thumb/cortex_m4/crtbegin.o
 .text          0x00000000       0xd4 c:/sysgcc/arm-eabi/bin/../lib/gcc/arm-eabi/4.9.2/../../../../arm-eabi/lib/thumb/cortex_m4/crt0.o
 .data          0x00000000      0x110 c:/sysgcc/arm-eabi/bin/../lib/gcc/arm-eabi/4.9.2/../../../../arm-eabi/lib/thumb/cortex_m4/crt0.o
 .bss           0x00000000        0x0 c:/sysgcc/arm-eabi/bin/../lib/gcc/arm-eabi/4.9.2/../../../../arm-eabi/lib/thumb/cortex_m4/crt0.o
 .ARM.extab     0x00000000        0x0 c:/sysgcc/arm-eabi/bin/../lib/gcc/arm-eabi/4.9.2/../../../../arm-eabi/lib/thumb/cortex_m4/crt0.o
 .ARM.exidx     0x00000000        0x8 c:/sysgcc/arm-eabi/bin/../lib/gcc/arm-eabi/4.9.2/../../../../arm-eabi/lib/thumb/cortex_m4/crt0.o
 .ARM.attributes
                0x00000000       0x21 c:/sysgcc/arm-eabi/bin/../lib/gcc/arm-eabi/4.9.2/../../../../arm-eabi/lib/thumb/cortex_m4/crt0.o
 .debug_line    0x00000000       0xcd c:/sysgcc/arm-eabi/bin/../lib/gcc/arm-eabi/4.9.2/../../../../arm-eabi/lib/thumb/cortex_m4/crt0.o
 .debug_info    0x00000000       0xeb c:/sysgcc/arm-eabi/bin/../lib/gcc/arm-eabi/4.9.2/../../../../arm-eabi/lib/thumb/cortex_m4/crt0.o
 .debug_abbrev  0x00000000       0x14 c:/sysgcc/arm-eabi/bin/../lib/gcc/arm-eabi/4.9.2/../../../../arm-eabi/lib/thumb/cortex_m4/crt0.o
 .debug_aranges
                0x00000000       0x20 c:/sysgcc/arm-eabi/bin/../lib/gcc/arm-eabi/4.9.2/../../../../arm-eabi/lib/thumb/cortex_m4/crt0.o
 .text          0x00000000       0x14 startup.out
 .data          0x00000000        0x0 startup.out
 .bss           0x00000000        0x0 startup.out
 .text          0x00000000        0x0 entry.out
 .data          0x00000000        0x0 entry.out
 .bss           0x00000000        0x0 entry.out
 .text          0x00000000        0xc c:/sysgcc/arm-eabi/bin/../lib/gcc/arm-eabi/4.9.2/../../../../arm-eabi/lib/thumb/cortex_m4\libg.a(lib_a-atexit.o)
 .data          0x00000000        0x0 c:/sysgcc/arm-eabi/bin/../lib/gcc/arm-eabi/4.9.2/../../../../arm-eabi/lib/thumb/cortex_m4\libg.a(lib_a-atexit.o)
 .bss           0x00000000        0x0 c:/sysgcc/arm-eabi/bin/../lib/gcc/arm-eabi/4.9.2/../../../../arm-eabi/lib/thumb/cortex_m4\libg.a(lib_a-atexit.o)
 .debug_info    0x00000000      0x10a c:/sysgcc/arm-eabi/bin/../lib/gcc/arm-eabi/4.9.2/../../../../arm-eabi/lib/thumb/cortex_m4\libg.a(lib_a-atexit.o)
 .debug_abbrev  0x00000000       0xb8 c:/sysgcc/arm-eabi/bin/../lib/gcc/arm-eabi/4.9.2/../../../../arm-eabi/lib/thumb/cortex_m4\libg.a(lib_a-atexit.o)
 .debug_loc     0x00000000       0x2c c:/sysgcc/arm-eabi/bin/../lib/gcc/arm-eabi/4.9.2/../../../../arm-eabi/lib/thumb/cortex_m4\libg.a(lib_a-atexit.o)
 .debug_aranges
                0x00000000       0x20 c:/sysgcc/arm-eabi/bin/../lib/gcc/arm-eabi/4.9.2/../../../../arm-eabi/lib/thumb/cortex_m4\libg.a(lib_a-atexit.o)
 .debug_line    0x00000000       0xb4 c:/sysgcc/arm-eabi/bin/../lib/gcc/arm-eabi/4.9.2/../../../../arm-eabi/lib/thumb/cortex_m4\libg.a(lib_a-atexit.o)
 .debug_str     0x00000000      0x200 c:/sysgcc/arm-eabi/bin/../lib/gcc/arm-eabi/4.9.2/../../../../arm-eabi/lib/thumb/cortex_m4\libg.a(lib_a-atexit.o)
 .comment       0x00000000       0x12 c:/sysgcc/arm-eabi/bin/../lib/gcc/arm-eabi/4.9.2/../../../../arm-eabi/lib/thumb/cortex_m4\libg.a(lib_a-atexit.o)
 .ARM.attributes
                0x00000000       0x33 c:/sysgcc/arm-eabi/bin/../lib/gcc/arm-eabi/4.9.2/../../../../arm-eabi/lib/thumb/cortex_m4\libg.a(lib_a-atexit.o)
 .debug_frame   0x00000000       0x20 c:/sysgcc/arm-eabi/bin/../lib/gcc/arm-eabi/4.9.2/../../../../arm-eabi/lib/thumb/cortex_m4\libg.a(lib_a-atexit.o)
 .text          0x00000000       0x20 c:/sysgcc/arm-eabi/bin/../lib/gcc/arm-eabi/4.9.2/../../../../arm-eabi/lib/thumb/cortex_m4\libg.a(lib_a-exit.o)
 .data          0x00000000        0x0 c:/sysgcc/arm-eabi/bin/../lib/gcc/arm-eabi/4.9.2/../../../../arm-eabi/lib/thumb/cortex_m4\libg.a(lib_a-exit.o)
 .bss           0x00000000        0x0 c:/sysgcc/arm-eabi/bin/../lib/gcc/arm-eabi/4.9.2/../../../../arm-eabi/lib/thumb/cortex_m4\libg.a(lib_a-exit.o)
 .debug_info    0x00000000      0x8e4 c:/sysgcc/arm-eabi/bin/../lib/gcc/arm-eabi/4.9.2/../../../../arm-eabi/lib/thumb/cortex_m4\libg.a(lib_a-exit.o)
 .debug_abbrev  0x00000000      0x1e6 c:/sysgcc/arm-eabi/bin/../lib/gcc/arm-eabi/4.9.2/../../../../arm-eabi/lib/thumb/cortex_m4\libg.a(lib_a-exit.o)
 .debug_loc     0x00000000       0x1e c:/sysgcc/arm-eabi/bin/../lib/gcc/arm-eabi/4.9.2/../../../../arm-eabi/lib/thumb/cortex_m4\libg.a(lib_a-exit.o)
 .debug_aranges
                0x00000000       0x20 c:/sysgcc/arm-eabi/bin/../lib/gcc/arm-eabi/4.9.2/../../../../arm-eabi/lib/thumb/cortex_m4\libg.a(lib_a-exit.o)
 .debug_line    0x00000000      0x14c c:/sysgcc/arm-eabi/bin/../lib/gcc/arm-eabi/4.9.2/../../../../arm-eabi/lib/thumb/cortex_m4\libg.a(lib_a-exit.o)
 .debug_str     0x00000000      0x59d c:/sysgcc/arm-eabi/bin/../lib/gcc/arm-eabi/4.9.2/../../../../arm-eabi/lib/thumb/cortex_m4\libg.a(lib_a-exit.o)
 .comment       0x00000000       0x12 c:/sysgcc/arm-eabi/bin/../lib/gcc/arm-eabi/4.9.2/../../../../arm-eabi/lib/thumb/cortex_m4\libg.a(lib_a-exit.o)
 .ARM.attributes
                0x00000000       0x33 c:/sysgcc/arm-eabi/bin/../lib/gcc/arm-eabi/4.9.2/../../../../arm-eabi/lib/thumb/cortex_m4\libg.a(lib_a-exit.o)
 .debug_frame   0x00000000       0x28 c:/sysgcc/arm-eabi/bin/../lib/gcc/arm-eabi/4.9.2/../../../../arm-eabi/lib/thumb/cortex_m4\libg.a(lib_a-exit.o)
 .text          0x00000000       0x2c c:/sysgcc/arm-eabi/bin/../lib/gcc/arm-eabi/4.9.2/../../../../arm-eabi/lib/thumb/cortex_m4\libg.a(lib_a-fini.o)
 .data          0x00000000        0x0 c:/sysgcc/arm-eabi/bin/../lib/gcc/arm-eabi/4.9.2/../../../../arm-eabi/lib/thumb/cortex_m4\libg.a(lib_a-fini.o)
 .bss           0x00000000        0x0 c:/sysgcc/arm-eabi/bin/../lib/gcc/arm-eabi/4.9.2/../../../../arm-eabi/lib/thumb/cortex_m4\libg.a(lib_a-fini.o)
 .debug_info    0x00000000       0xef c:/sysgcc/arm-eabi/bin/../lib/gcc/arm-eabi/4.9.2/../../../../arm-eabi/lib/thumb/cortex_m4\libg.a(lib_a-fini.o)
 .debug_abbrev  0x00000000       0xbd c:/sysgcc/arm-eabi/bin/../lib/gcc/arm-eabi/4.9.2/../../../../arm-eabi/lib/thumb/cortex_m4\libg.a(lib_a-fini.o)
 .debug_loc     0x00000000       0x5c c:/sysgcc/arm-eabi/bin/../lib/gcc/arm-eabi/4.9.2/../../../../arm-eabi/lib/thumb/cortex_m4\libg.a(lib_a-fini.o)
 .debug_aranges
                0x00000000       0x20 c:/sysgcc/arm-eabi/bin/../lib/gcc/arm-eabi/4.9.2/../../../../arm-eabi/lib/thumb/cortex_m4\libg.a(lib_a-fini.o)
 .debug_line    0x00000000       0xad c:/sysgcc/arm-eabi/bin/../lib/gcc/arm-eabi/4.9.2/../../../../arm-eabi/lib/thumb/cortex_m4\libg.a(lib_a-fini.o)
 .debug_str     0x00000000      0x1f8 c:/sysgcc/arm-eabi/bin/../lib/gcc/arm-eabi/4.9.2/../../../../arm-eabi/lib/thumb/cortex_m4\libg.a(lib_a-fini.o)
 .comment       0x00000000       0x12 c:/sysgcc/arm-eabi/bin/../lib/gcc/arm-eabi/4.9.2/../../../../arm-eabi/lib/thumb/cortex_m4\libg.a(lib_a-fini.o)
 .ARM.attributes
                0x00000000       0x33 c:/sysgcc/arm-eabi/bin/../lib/gcc/arm-eabi/4.9.2/../../../../arm-eabi/lib/thumb/cortex_m4\libg.a(lib_a-fini.o)
 .debug_frame   0x00000000       0x34 c:/sysgcc/arm-eabi/bin/../lib/gcc/arm-eabi/4.9.2/../../../../arm-eabi/lib/thumb/cortex_m4\libg.a(lib_a-fini.o)
 .text          0x00000000        0x0 c:/sysgcc/arm-eabi/bin/../lib/gcc/arm-eabi/4.9.2/../../../../arm-eabi/lib/thumb/cortex_m4\libg.a(lib_a-impure.o)
 .data          0x00000000      0x430 c:/sysgcc/arm-eabi/bin/../lib/gcc/arm-eabi/4.9.2/../../../../arm-eabi/lib/thumb/cortex_m4\libg.a(lib_a-impure.o)
 .bss           0x00000000        0x0 c:/sysgcc/arm-eabi/bin/../lib/gcc/arm-eabi/4.9.2/../../../../arm-eabi/lib/thumb/cortex_m4\libg.a(lib_a-impure.o)
 .rodata        0x00000000        0x4 c:/sysgcc/arm-eabi/bin/../lib/gcc/arm-eabi/4.9.2/../../../../arm-eabi/lib/thumb/cortex_m4\libg.a(lib_a-impure.o)
 .rodata.str1.4
                0x00000000        0x4 c:/sysgcc/arm-eabi/bin/../lib/gcc/arm-eabi/4.9.2/../../../../arm-eabi/lib/thumb/cortex_m4\libg.a(lib_a-impure.o)
 .debug_info    0x00000000      0x894 c:/sysgcc/arm-eabi/bin/../lib/gcc/arm-eabi/4.9.2/../../../../arm-eabi/lib/thumb/cortex_m4\libg.a(lib_a-impure.o)
 .debug_abbrev  0x00000000      0x180 c:/sysgcc/arm-eabi/bin/../lib/gcc/arm-eabi/4.9.2/../../../../arm-eabi/lib/thumb/cortex_m4\libg.a(lib_a-impure.o)
 .debug_aranges
                0x00000000       0x18 c:/sysgcc/arm-eabi/bin/../lib/gcc/arm-eabi/4.9.2/../../../../arm-eabi/lib/thumb/cortex_m4\libg.a(lib_a-impure.o)
 .debug_line    0x00000000       0xe5 c:/sysgcc/arm-eabi/bin/../lib/gcc/arm-eabi/4.9.2/../../../../arm-eabi/lib/thumb/cortex_m4\libg.a(lib_a-impure.o)
 .debug_str     0x00000000      0x594 c:/sysgcc/arm-eabi/bin/../lib/gcc/arm-eabi/4.9.2/../../../../arm-eabi/lib/thumb/cortex_m4\libg.a(lib_a-impure.o)
 .comment       0x00000000       0x12 c:/sysgcc/arm-eabi/bin/../lib/gcc/arm-eabi/4.9.2/../../../../arm-eabi/lib/thumb/cortex_m4\libg.a(lib_a-impure.o)
 .ARM.attributes
                0x00000000       0x33 c:/sysgcc/arm-eabi/bin/../lib/gcc/arm-eabi/4.9.2/../../../../arm-eabi/lib/thumb/cortex_m4\libg.a(lib_a-impure.o)
 .text          0x00000000       0x50 c:/sysgcc/arm-eabi/bin/../lib/gcc/arm-eabi/4.9.2/../../../../arm-eabi/lib/thumb/cortex_m4\libg.a(lib_a-init.o)
 .data          0x00000000        0x0 c:/sysgcc/arm-eabi/bin/../lib/gcc/arm-eabi/4.9.2/../../../../arm-eabi/lib/thumb/cortex_m4\libg.a(lib_a-init.o)
 .bss           0x00000000        0x0 c:/sysgcc/arm-eabi/bin/../lib/gcc/arm-eabi/4.9.2/../../../../arm-eabi/lib/thumb/cortex_m4\libg.a(lib_a-init.o)
 .debug_info    0x00000000      0x105 c:/sysgcc/arm-eabi/bin/../lib/gcc/arm-eabi/4.9.2/../../../../arm-eabi/lib/thumb/cortex_m4\libg.a(lib_a-init.o)
 .debug_abbrev  0x00000000       0xba c:/sysgcc/arm-eabi/bin/../lib/gcc/arm-eabi/4.9.2/../../../../arm-eabi/lib/thumb/cortex_m4\libg.a(lib_a-init.o)
 .debug_loc     0x00000000       0xae c:/sysgcc/arm-eabi/bin/../lib/gcc/arm-eabi/4.9.2/../../../../arm-eabi/lib/thumb/cortex_m4\libg.a(lib_a-init.o)
 .debug_aranges
                0x00000000       0x20 c:/sysgcc/arm-eabi/bin/../lib/gcc/arm-eabi/4.9.2/../../../../arm-eabi/lib/thumb/cortex_m4\libg.a(lib_a-init.o)
 .debug_line    0x00000000       0xc6 c:/sysgcc/arm-eabi/bin/../lib/gcc/arm-eabi/4.9.2/../../../../arm-eabi/lib/thumb/cortex_m4\libg.a(lib_a-init.o)
 .debug_str     0x00000000      0x222 c:/sysgcc/arm-eabi/bin/../lib/gcc/arm-eabi/4.9.2/../../../../arm-eabi/lib/thumb/cortex_m4\libg.a(lib_a-init.o)
 .comment       0x00000000       0x12 c:/sysgcc/arm-eabi/bin/../lib/gcc/arm-eabi/4.9.2/../../../../arm-eabi/lib/thumb/cortex_m4\libg.a(lib_a-init.o)
 .ARM.attributes
                0x00000000       0x33 c:/sysgcc/arm-eabi/bin/../lib/gcc/arm-eabi/4.9.2/../../../../arm-eabi/lib/thumb/cortex_m4\libg.a(lib_a-init.o)
 .debug_frame   0x00000000       0x2c c:/sysgcc/arm-eabi/bin/../lib/gcc/arm-eabi/4.9.2/../../../../arm-eabi/lib/thumb/cortex_m4\libg.a(lib_a-init.o)
 .text          0x00000000       0x9c c:/sysgcc/arm-eabi/bin/../lib/gcc/arm-eabi/4.9.2/../../../../arm-eabi/lib/thumb/cortex_m4\libg.a(lib_a-memset.o)
 .data          0x00000000        0x0 c:/sysgcc/arm-eabi/bin/../lib/gcc/arm-eabi/4.9.2/../../../../arm-eabi/lib/thumb/cortex_m4\libg.a(lib_a-memset.o)
 .bss           0x00000000        0x0 c:/sysgcc/arm-eabi/bin/../lib/gcc/arm-eabi/4.9.2/../../../../arm-eabi/lib/thumb/cortex_m4\libg.a(lib_a-memset.o)
 .debug_info    0x00000000      0x117 c:/sysgcc/arm-eabi/bin/../lib/gcc/arm-eabi/4.9.2/../../../../arm-eabi/lib/thumb/cortex_m4\libg.a(lib_a-memset.o)
 .debug_abbrev  0x00000000       0x9f c:/sysgcc/arm-eabi/bin/../lib/gcc/arm-eabi/4.9.2/../../../../arm-eabi/lib/thumb/cortex_m4\libg.a(lib_a-memset.o)
 .debug_loc     0x00000000      0x1ae c:/sysgcc/arm-eabi/bin/../lib/gcc/arm-eabi/4.9.2/../../../../arm-eabi/lib/thumb/cortex_m4\libg.a(lib_a-memset.o)
 .debug_aranges
                0x00000000       0x20 c:/sysgcc/arm-eabi/bin/../lib/gcc/arm-eabi/4.9.2/../../../../arm-eabi/lib/thumb/cortex_m4\libg.a(lib_a-memset.o)
 .debug_line    0x00000000      0x10d c:/sysgcc/arm-eabi/bin/../lib/gcc/arm-eabi/4.9.2/../../../../arm-eabi/lib/thumb/cortex_m4\libg.a(lib_a-memset.o)
 .debug_str     0x00000000      0x1d7 c:/sysgcc/arm-eabi/bin/../lib/gcc/arm-eabi/4.9.2/../../../../arm-eabi/lib/thumb/cortex_m4\libg.a(lib_a-memset.o)
 .comment       0x00000000       0x12 c:/sysgcc/arm-eabi/bin/../lib/gcc/arm-eabi/4.9.2/../../../../arm-eabi/lib/thumb/cortex_m4\libg.a(lib_a-memset.o)
 .ARM.attributes
                0x00000000       0x33 c:/sysgcc/arm-eabi/bin/../lib/gcc/arm-eabi/4.9.2/../../../../arm-eabi/lib/thumb/cortex_m4\libg.a(lib_a-memset.o)
 .debug_frame   0x00000000       0x34 c:/sysgcc/arm-eabi/bin/../lib/gcc/arm-eabi/4.9.2/../../../../arm-eabi/lib/thumb/cortex_m4\libg.a(lib_a-memset.o)
 .text          0x00000000      0x5d4 c:/sysgcc/arm-eabi/bin/../lib/gcc/arm-eabi/4.9.2/../../../../arm-eabi/lib/thumb/cortex_m4\libg.a(lib_a-syscalls.o)
 .data          0x00000000        0x0 c:/sysgcc/arm-eabi/bin/../lib/gcc/arm-eabi/4.9.2/../../../../arm-eabi/lib/thumb/cortex_m4\libg.a(lib_a-syscalls.o)
 .bss           0x00000000       0xb0 c:/sysgcc/arm-eabi/bin/../lib/gcc/arm-eabi/4.9.2/../../../../arm-eabi/lib/thumb/cortex_m4\libg.a(lib_a-syscalls.o)
 .rodata.str1.4
                0x00000000        0x4 c:/sysgcc/arm-eabi/bin/../lib/gcc/arm-eabi/4.9.2/../../../../arm-eabi/lib/thumb/cortex_m4\libg.a(lib_a-syscalls.o)
 .debug_info    0x00000000     0x1cbc c:/sysgcc/arm-eabi/bin/../lib/gcc/arm-eabi/4.9.2/../../../../arm-eabi/lib/thumb/cortex_m4\libg.a(lib_a-syscalls.o)
 .debug_abbrev  0x00000000      0x509 c:/sysgcc/arm-eabi/bin/../lib/gcc/arm-eabi/4.9.2/../../../../arm-eabi/lib/thumb/cortex_m4\libg.a(lib_a-syscalls.o)
 .debug_loc     0x00000000      0xc46 c:/sysgcc/arm-eabi/bin/../lib/gcc/arm-eabi/4.9.2/../../../../arm-eabi/lib/thumb/cortex_m4\libg.a(lib_a-syscalls.o)
 .debug_aranges
                0x00000000       0x20 c:/sysgcc/arm-eabi/bin/../lib/gcc/arm-eabi/4.9.2/../../../../arm-eabi/lib/thumb/cortex_m4\libg.a(lib_a-syscalls.o)
 .debug_ranges  0x00000000      0x228 c:/sysgcc/arm-eabi/bin/../lib/gcc/arm-eabi/4.9.2/../../../../arm-eabi/lib/thumb/cortex_m4\libg.a(lib_a-syscalls.o)
 .debug_line    0x00000000      0x45f c:/sysgcc/arm-eabi/bin/../lib/gcc/arm-eabi/4.9.2/../../../../arm-eabi/lib/thumb/cortex_m4\libg.a(lib_a-syscalls.o)
 .debug_str     0x00000000      0x8cc c:/sysgcc/arm-eabi/bin/../lib/gcc/arm-eabi/4.9.2/../../../../arm-eabi/lib/thumb/cortex_m4\libg.a(lib_a-syscalls.o)
 .comment       0x00000000       0x12 c:/sysgcc/arm-eabi/bin/../lib/gcc/arm-eabi/4.9.2/../../../../arm-eabi/lib/thumb/cortex_m4\libg.a(lib_a-syscalls.o)
 .ARM.attributes
                0x00000000       0x33 c:/sysgcc/arm-eabi/bin/../lib/gcc/arm-eabi/4.9.2/../../../../arm-eabi/lib/thumb/cortex_m4\libg.a(lib_a-syscalls.o)
 .debug_frame   0x00000000      0x384 c:/sysgcc/arm-eabi/bin/../lib/gcc/arm-eabi/4.9.2/../../../../arm-eabi/lib/thumb/cortex_m4\libg.a(lib_a-syscalls.o)
 .text          0x00000000       0xa8 c:/sysgcc/arm-eabi/bin/../lib/gcc/arm-eabi/4.9.2/../../../../arm-eabi/lib/thumb/cortex_m4\libg.a(lib_a-__atexit.o)
 .data          0x00000000        0x0 c:/sysgcc/arm-eabi/bin/../lib/gcc/arm-eabi/4.9.2/../../../../arm-eabi/lib/thumb/cortex_m4\libg.a(lib_a-__atexit.o)
 .bss           0x00000000        0x0 c:/sysgcc/arm-eabi/bin/../lib/gcc/arm-eabi/4.9.2/../../../../arm-eabi/lib/thumb/cortex_m4\libg.a(lib_a-__atexit.o)
 .debug_info    0x00000000      0x934 c:/sysgcc/arm-eabi/bin/../lib/gcc/arm-eabi/4.9.2/../../../../arm-eabi/lib/thumb/cortex_m4\libg.a(lib_a-__atexit.o)
 .debug_abbrev  0x00000000      0x20f c:/sysgcc/arm-eabi/bin/../lib/gcc/arm-eabi/4.9.2/../../../../arm-eabi/lib/thumb/cortex_m4\libg.a(lib_a-__atexit.o)
 .debug_loc     0x00000000      0x1ad c:/sysgcc/arm-eabi/bin/../lib/gcc/arm-eabi/4.9.2/../../../../arm-eabi/lib/thumb/cortex_m4\libg.a(lib_a-__atexit.o)
 .debug_aranges
                0x00000000       0x20 c:/sysgcc/arm-eabi/bin/../lib/gcc/arm-eabi/4.9.2/../../../../arm-eabi/lib/thumb/cortex_m4\libg.a(lib_a-__atexit.o)
 .debug_line    0x00000000      0x16b c:/sysgcc/arm-eabi/bin/../lib/gcc/arm-eabi/4.9.2/../../../../arm-eabi/lib/thumb/cortex_m4\libg.a(lib_a-__atexit.o)
 .debug_str     0x00000000      0x5dc c:/sysgcc/arm-eabi/bin/../lib/gcc/arm-eabi/4.9.2/../../../../arm-eabi/lib/thumb/cortex_m4\libg.a(lib_a-__atexit.o)
 .comment       0x00000000       0x12 c:/sysgcc/arm-eabi/bin/../lib/gcc/arm-eabi/4.9.2/../../../../arm-eabi/lib/thumb/cortex_m4\libg.a(lib_a-__atexit.o)
 .ARM.attributes
                0x00000000       0x33 c:/sysgcc/arm-eabi/bin/../lib/gcc/arm-eabi/4.9.2/../../../../arm-eabi/lib/thumb/cortex_m4\libg.a(lib_a-__atexit.o)
 .debug_frame   0x00000000       0x34 c:/sysgcc/arm-eabi/bin/../lib/gcc/arm-eabi/4.9.2/../../../../arm-eabi/lib/thumb/cortex_m4\libg.a(lib_a-__atexit.o)
 .text          0x00000000       0xd4 c:/sysgcc/arm-eabi/bin/../lib/gcc/arm-eabi/4.9.2/../../../../arm-eabi/lib/thumb/cortex_m4\libg.a(lib_a-__call_atexit.o)
 .data          0x00000000        0x0 c:/sysgcc/arm-eabi/bin/../lib/gcc/arm-eabi/4.9.2/../../../../arm-eabi/lib/thumb/cortex_m4\libg.a(lib_a-__call_atexit.o)
 .bss           0x00000000        0x0 c:/sysgcc/arm-eabi/bin/../lib/gcc/arm-eabi/4.9.2/../../../../arm-eabi/lib/thumb/cortex_m4\libg.a(lib_a-__call_atexit.o)
 .debug_info    0x00000000      0x959 c:/sysgcc/arm-eabi/bin/../lib/gcc/arm-eabi/4.9.2/../../../../arm-eabi/lib/thumb/cortex_m4\libg.a(lib_a-__call_atexit.o)
 .debug_abbrev  0x00000000      0x21f c:/sysgcc/arm-eabi/bin/../lib/gcc/arm-eabi/4.9.2/../../../../arm-eabi/lib/thumb/cortex_m4\libg.a(lib_a-__call_atexit.o)
 .debug_loc     0x00000000      0x146 c:/sysgcc/arm-eabi/bin/../lib/gcc/arm-eabi/4.9.2/../../../../arm-eabi/lib/thumb/cortex_m4\libg.a(lib_a-__call_atexit.o)
 .debug_aranges
                0x00000000       0x20 c:/sysgcc/arm-eabi/bin/../lib/gcc/arm-eabi/4.9.2/../../../../arm-eabi/lib/thumb/cortex_m4\libg.a(lib_a-__call_atexit.o)
 .debug_ranges  0x00000000       0x18 c:/sysgcc/arm-eabi/bin/../lib/gcc/arm-eabi/4.9.2/../../../../arm-eabi/lib/thumb/cortex_m4\libg.a(lib_a-__call_atexit.o)
 .debug_line    0x00000000      0x18b c:/sysgcc/arm-eabi/bin/../lib/gcc/arm-eabi/4.9.2/../../../../arm-eabi/lib/thumb/cortex_m4\libg.a(lib_a-__call_atexit.o)
 .debug_str     0x00000000      0x5c1 c:/sysgcc/arm-eabi/bin/../lib/gcc/arm-eabi/4.9.2/../../../../arm-eabi/lib/thumb/cortex_m4\libg.a(lib_a-__call_atexit.o)
 .comment       0x00000000       0x12 c:/sysgcc/arm-eabi/bin/../lib/gcc/arm-eabi/4.9.2/../../../../arm-eabi/lib/thumb/cortex_m4\libg.a(lib_a-__call_atexit.o)
 .ARM.attributes
                0x00000000       0x33 c:/sysgcc/arm-eabi/bin/../lib/gcc/arm-eabi/4.9.2/../../../../arm-eabi/lib/thumb/cortex_m4\libg.a(lib_a-__call_atexit.o)
 .debug_frame   0x00000000       0x40 c:/sysgcc/arm-eabi/bin/../lib/gcc/arm-eabi/4.9.2/../../../../arm-eabi/lib/thumb/cortex_m4\libg.a(lib_a-__call_atexit.o)
 .text          0x00000000        0xc c:/sysgcc/arm-eabi/bin/../lib/gcc/arm-eabi/4.9.2/../../../../arm-eabi/lib/thumb/cortex_m4\libg.a(lib_a-errno.o)
 .data          0x00000000        0x0 c:/sysgcc/arm-eabi/bin/../lib/gcc/arm-eabi/4.9.2/../../../../arm-eabi/lib/thumb/cortex_m4\libg.a(lib_a-errno.o)
 .bss           0x00000000        0x0 c:/sysgcc/arm-eabi/bin/../lib/gcc/arm-eabi/4.9.2/../../../../arm-eabi/lib/thumb/cortex_m4\libg.a(lib_a-errno.o)
 .debug_info    0x00000000      0x889 c:/sysgcc/arm-eabi/bin/../lib/gcc/arm-eabi/4.9.2/../../../../arm-eabi/lib/thumb/cortex_m4\libg.a(lib_a-errno.o)
 .debug_abbrev  0x00000000      0x18f c:/sysgcc/arm-eabi/bin/../lib/gcc/arm-eabi/4.9.2/../../../../arm-eabi/lib/thumb/cortex_m4\libg.a(lib_a-errno.o)
 .debug_aranges
                0x00000000       0x20 c:/sysgcc/arm-eabi/bin/../lib/gcc/arm-eabi/4.9.2/../../../../arm-eabi/lib/thumb/cortex_m4\libg.a(lib_a-errno.o)
 .debug_line    0x00000000      0x100 c:/sysgcc/arm-eabi/bin/../lib/gcc/arm-eabi/4.9.2/../../../../arm-eabi/lib/thumb/cortex_m4\libg.a(lib_a-errno.o)
 .debug_str     0x00000000      0x57c c:/sysgcc/arm-eabi/bin/../lib/gcc/arm-eabi/4.9.2/../../../../arm-eabi/lib/thumb/cortex_m4\libg.a(lib_a-errno.o)
 .comment       0x00000000       0x12 c:/sysgcc/arm-eabi/bin/../lib/gcc/arm-eabi/4.9.2/../../../../arm-eabi/lib/thumb/cortex_m4\libg.a(lib_a-errno.o)
 .ARM.attributes
                0x00000000       0x33 c:/sysgcc/arm-eabi/bin/../lib/gcc/arm-eabi/4.9.2/../../../../arm-eabi/lib/thumb/cortex_m4\libg.a(lib_a-errno.o)
 .debug_frame   0x00000000       0x20 c:/sysgcc/arm-eabi/bin/../lib/gcc/arm-eabi/4.9.2/../../../../arm-eabi/lib/thumb/cortex_m4\libg.a(lib_a-errno.o)
 .text          0x00000000      0x210 c:/sysgcc/arm-eabi/bin/../lib/gcc/arm-eabi/4.9.2/../../../../arm-eabi/lib/thumb/cortex_m4\libg.a(lib_a-findfp.o)
 .data          0x00000000        0x0 c:/sysgcc/arm-eabi/bin/../lib/gcc/arm-eabi/4.9.2/../../../../arm-eabi/lib/thumb/cortex_m4\libg.a(lib_a-findfp.o)
 .bss           0x00000000        0x0 c:/sysgcc/arm-eabi/bin/../lib/gcc/arm-eabi/4.9.2/../../../../arm-eabi/lib/thumb/cortex_m4\libg.a(lib_a-findfp.o)
 .debug_info    0x00000000      0xd6a c:/sysgcc/arm-eabi/bin/../lib/gcc/arm-eabi/4.9.2/../../../../arm-eabi/lib/thumb/cortex_m4\libg.a(lib_a-findfp.o)
 .debug_abbrev  0x00000000      0x36b c:/sysgcc/arm-eabi/bin/../lib/gcc/arm-eabi/4.9.2/../../../../arm-eabi/lib/thumb/cortex_m4\libg.a(lib_a-findfp.o)
 .debug_loc     0x00000000      0x22e c:/sysgcc/arm-eabi/bin/../lib/gcc/arm-eabi/4.9.2/../../../../arm-eabi/lib/thumb/cortex_m4\libg.a(lib_a-findfp.o)
 .debug_aranges
                0x00000000       0x20 c:/sysgcc/arm-eabi/bin/../lib/gcc/arm-eabi/4.9.2/../../../../arm-eabi/lib/thumb/cortex_m4\libg.a(lib_a-findfp.o)
 .debug_ranges  0x00000000       0x70 c:/sysgcc/arm-eabi/bin/../lib/gcc/arm-eabi/4.9.2/../../../../arm-eabi/lib/thumb/cortex_m4\libg.a(lib_a-findfp.o)
 .debug_line    0x00000000      0x240 c:/sysgcc/arm-eabi/bin/../lib/gcc/arm-eabi/4.9.2/../../../../arm-eabi/lib/thumb/cortex_m4\libg.a(lib_a-findfp.o)
 .debug_str     0x00000000      0x6a1 c:/sysgcc/arm-eabi/bin/../lib/gcc/arm-eabi/4.9.2/../../../../arm-eabi/lib/thumb/cortex_m4\libg.a(lib_a-findfp.o)
 .comment       0x00000000       0x12 c:/sysgcc/arm-eabi/bin/../lib/gcc/arm-eabi/4.9.2/../../../../arm-eabi/lib/thumb/cortex_m4\libg.a(lib_a-findfp.o)
 .ARM.attributes
                0x00000000       0x33 c:/sysgcc/arm-eabi/bin/../lib/gcc/arm-eabi/4.9.2/../../../../arm-eabi/lib/thumb/cortex_m4\libg.a(lib_a-findfp.o)
 .debug_frame   0x00000000      0x124 c:/sysgcc/arm-eabi/bin/../lib/gcc/arm-eabi/4.9.2/../../../../arm-eabi/lib/thumb/cortex_m4\libg.a(lib_a-findfp.o)
 .text          0x00000000       0xa0 c:/sysgcc/arm-eabi/bin/../lib/gcc/arm-eabi/4.9.2/../../../../arm-eabi/lib/thumb/cortex_m4\libg.a(lib_a-fwalk.o)
 .data          0x00000000        0x0 c:/sysgcc/arm-eabi/bin/../lib/gcc/arm-eabi/4.9.2/../../../../arm-eabi/lib/thumb/cortex_m4\libg.a(lib_a-fwalk.o)
 .bss           0x00000000        0x0 c:/sysgcc/arm-eabi/bin/../lib/gcc/arm-eabi/4.9.2/../../../../arm-eabi/lib/thumb/cortex_m4\libg.a(lib_a-fwalk.o)
 .debug_info    0x00000000      0x99e c:/sysgcc/arm-eabi/bin/../lib/gcc/arm-eabi/4.9.2/../../../../arm-eabi/lib/thumb/cortex_m4\libg.a(lib_a-fwalk.o)
 .debug_abbrev  0x00000000      0x1c2 c:/sysgcc/arm-eabi/bin/../lib/gcc/arm-eabi/4.9.2/../../../../arm-eabi/lib/thumb/cortex_m4\libg.a(lib_a-fwalk.o)
 .debug_loc     0x00000000      0x207 c:/sysgcc/arm-eabi/bin/../lib/gcc/arm-eabi/4.9.2/../../../../arm-eabi/lib/thumb/cortex_m4\libg.a(lib_a-fwalk.o)
 .debug_aranges
                0x00000000       0x20 c:/sysgcc/arm-eabi/bin/../lib/gcc/arm-eabi/4.9.2/../../../../arm-eabi/lib/thumb/cortex_m4\libg.a(lib_a-fwalk.o)
 .debug_line    0x00000000      0x180 c:/sysgcc/arm-eabi/bin/../lib/gcc/arm-eabi/4.9.2/../../../../arm-eabi/lib/thumb/cortex_m4\libg.a(lib_a-fwalk.o)
 .debug_str     0x00000000      0x599 c:/sysgcc/arm-eabi/bin/../lib/gcc/arm-eabi/4.9.2/../../../../arm-eabi/lib/thumb/cortex_m4\libg.a(lib_a-fwalk.o)
 .comment       0x00000000       0x12 c:/sysgcc/arm-eabi/bin/../lib/gcc/arm-eabi/4.9.2/../../../../arm-eabi/lib/thumb/cortex_m4\libg.a(lib_a-fwalk.o)
 .ARM.attributes
                0x00000000       0x33 c:/sysgcc/arm-eabi/bin/../lib/gcc/arm-eabi/4.9.2/../../../../arm-eabi/lib/thumb/cortex_m4\libg.a(lib_a-fwalk.o)
 .debug_frame   0x00000000       0x54 c:/sysgcc/arm-eabi/bin/../lib/gcc/arm-eabi/4.9.2/../../../../arm-eabi/lib/thumb/cortex_m4\libg.a(lib_a-fwalk.o)
 .text          0x00000000      0x50c c:/sysgcc/arm-eabi/bin/../lib/gcc/arm-eabi/4.9.2/../../../../arm-eabi/lib/thumb/cortex_m4\libg.a(lib_a-mallocr.o)
 .data          0x00000000      0x410 c:/sysgcc/arm-eabi/bin/../lib/gcc/arm-eabi/4.9.2/../../../../arm-eabi/lib/thumb/cortex_m4\libg.a(lib_a-mallocr.o)
 .bss           0x00000000       0x34 c:/sysgcc/arm-eabi/bin/../lib/gcc/arm-eabi/4.9.2/../../../../arm-eabi/lib/thumb/cortex_m4\libg.a(lib_a-mallocr.o)
 .debug_info    0x00000000      0xd8a c:/sysgcc/arm-eabi/bin/../lib/gcc/arm-eabi/4.9.2/../../../../arm-eabi/lib/thumb/cortex_m4\libg.a(lib_a-mallocr.o)
 .debug_abbrev  0x00000000      0x2ad c:/sysgcc/arm-eabi/bin/../lib/gcc/arm-eabi/4.9.2/../../../../arm-eabi/lib/thumb/cortex_m4\libg.a(lib_a-mallocr.o)
 .debug_loc     0x00000000      0xd34 c:/sysgcc/arm-eabi/bin/../lib/gcc/arm-eabi/4.9.2/../../../../arm-eabi/lib/thumb/cortex_m4\libg.a(lib_a-mallocr.o)
 .debug_aranges
                0x00000000       0x20 c:/sysgcc/arm-eabi/bin/../lib/gcc/arm-eabi/4.9.2/../../../../arm-eabi/lib/thumb/cortex_m4\libg.a(lib_a-mallocr.o)
 .debug_ranges  0x00000000       0x38 c:/sysgcc/arm-eabi/bin/../lib/gcc/arm-eabi/4.9.2/../../../../arm-eabi/lib/thumb/cortex_m4\libg.a(lib_a-mallocr.o)
 .debug_line    0x00000000      0x361 c:/sysgcc/arm-eabi/bin/../lib/gcc/arm-eabi/4.9.2/../../../../arm-eabi/lib/thumb/cortex_m4\libg.a(lib_a-mallocr.o)
 .debug_str     0x00000000      0x7a3 c:/sysgcc/arm-eabi/bin/../lib/gcc/arm-eabi/4.9.2/../../../../arm-eabi/lib/thumb/cortex_m4\libg.a(lib_a-mallocr.o)
 .comment       0x00000000       0x12 c:/sysgcc/arm-eabi/bin/../lib/gcc/arm-eabi/4.9.2/../../../../arm-eabi/lib/thumb/cortex_m4\libg.a(lib_a-mallocr.o)
 .ARM.attributes
                0x00000000       0x33 c:/sysgcc/arm-eabi/bin/../lib/gcc/arm-eabi/4.9.2/../../../../arm-eabi/lib/thumb/cortex_m4\libg.a(lib_a-mallocr.o)
 .debug_frame   0x00000000       0x58 c:/sysgcc/arm-eabi/bin/../lib/gcc/arm-eabi/4.9.2/../../../../arm-eabi/lib/thumb/cortex_m4\libg.a(lib_a-mallocr.o)
 .text          0x00000000        0x8 c:/sysgcc/arm-eabi/bin/../lib/gcc/arm-eabi/4.9.2/../../../../arm-eabi/lib/thumb/cortex_m4\libg.a(lib_a-mlock.o)
 .data          0x00000000        0x0 c:/sysgcc/arm-eabi/bin/../lib/gcc/arm-eabi/4.9.2/../../../../arm-eabi/lib/thumb/cortex_m4\libg.a(lib_a-mlock.o)
 .bss           0x00000000        0x0 c:/sysgcc/arm-eabi/bin/../lib/gcc/arm-eabi/4.9.2/../../../../arm-eabi/lib/thumb/cortex_m4\libg.a(lib_a-mlock.o)
 .debug_info    0x00000000      0x8b4 c:/sysgcc/arm-eabi/bin/../lib/gcc/arm-eabi/4.9.2/../../../../arm-eabi/lib/thumb/cortex_m4\libg.a(lib_a-mlock.o)
 .debug_abbrev  0x00000000      0x19a c:/sysgcc/arm-eabi/bin/../lib/gcc/arm-eabi/4.9.2/../../../../arm-eabi/lib/thumb/cortex_m4\libg.a(lib_a-mlock.o)
 .debug_aranges
                0x00000000       0x20 c:/sysgcc/arm-eabi/bin/../lib/gcc/arm-eabi/4.9.2/../../../../arm-eabi/lib/thumb/cortex_m4\libg.a(lib_a-mlock.o)
 .debug_line    0x00000000       0xf7 c:/sysgcc/arm-eabi/bin/../lib/gcc/arm-eabi/4.9.2/../../../../arm-eabi/lib/thumb/cortex_m4\libg.a(lib_a-mlock.o)
 .debug_str     0x00000000      0x59d c:/sysgcc/arm-eabi/bin/../lib/gcc/arm-eabi/4.9.2/../../../../arm-eabi/lib/thumb/cortex_m4\libg.a(lib_a-mlock.o)
 .comment       0x00000000       0x12 c:/sysgcc/arm-eabi/bin/../lib/gcc/arm-eabi/4.9.2/../../../../arm-eabi/lib/thumb/cortex_m4\libg.a(lib_a-mlock.o)
 .ARM.attributes
                0x00000000       0x33 c:/sysgcc/arm-eabi/bin/../lib/gcc/arm-eabi/4.9.2/../../../../arm-eabi/lib/thumb/cortex_m4\libg.a(lib_a-mlock.o)
 .debug_frame   0x00000000       0x30 c:/sysgcc/arm-eabi/bin/../lib/gcc/arm-eabi/4.9.2/../../../../arm-eabi/lib/thumb/cortex_m4\libg.a(lib_a-mlock.o)
 .text          0x00000000       0x24 c:/sysgcc/arm-eabi/bin/../lib/gcc/arm-eabi/4.9.2/../../../../arm-eabi/lib/thumb/cortex_m4\libg.a(lib_a-sbrkr.o)
 .data          0x00000000        0x0 c:/sysgcc/arm-eabi/bin/../lib/gcc/arm-eabi/4.9.2/../../../../arm-eabi/lib/thumb/cortex_m4\libg.a(lib_a-sbrkr.o)
 .bss           0x00000000        0x0 c:/sysgcc/arm-eabi/bin/../lib/gcc/arm-eabi/4.9.2/../../../../arm-eabi/lib/thumb/cortex_m4\libg.a(lib_a-sbrkr.o)
 .debug_info    0x00000000      0x8f4 c:/sysgcc/arm-eabi/bin/../lib/gcc/arm-eabi/4.9.2/../../../../arm-eabi/lib/thumb/cortex_m4\libg.a(lib_a-sbrkr.o)
 .debug_abbrev  0x00000000      0x1fd c:/sysgcc/arm-eabi/bin/../lib/gcc/arm-eabi/4.9.2/../../../../arm-eabi/lib/thumb/cortex_m4\libg.a(lib_a-sbrkr.o)
 .debug_loc     0x00000000       0x4d c:/sysgcc/arm-eabi/bin/../lib/gcc/arm-eabi/4.9.2/../../../../arm-eabi/lib/thumb/cortex_m4\libg.a(lib_a-sbrkr.o)
 .debug_aranges
                0x00000000       0x20 c:/sysgcc/arm-eabi/bin/../lib/gcc/arm-eabi/4.9.2/../../../../arm-eabi/lib/thumb/cortex_m4\libg.a(lib_a-sbrkr.o)
 .debug_line    0x00000000      0x138 c:/sysgcc/arm-eabi/bin/../lib/gcc/arm-eabi/4.9.2/../../../../arm-eabi/lib/thumb/cortex_m4\libg.a(lib_a-sbrkr.o)
 .debug_str     0x00000000      0x58b c:/sysgcc/arm-eabi/bin/../lib/gcc/arm-eabi/4.9.2/../../../../arm-eabi/lib/thumb/cortex_m4\libg.a(lib_a-sbrkr.o)
 .comment       0x00000000       0x12 c:/sysgcc/arm-eabi/bin/../lib/gcc/arm-eabi/4.9.2/../../../../arm-eabi/lib/thumb/cortex_m4\libg.a(lib_a-sbrkr.o)
 .ARM.attributes
                0x00000000       0x33 c:/sysgcc/arm-eabi/bin/../lib/gcc/arm-eabi/4.9.2/../../../../arm-eabi/lib/thumb/cortex_m4\libg.a(lib_a-sbrkr.o)
 .debug_frame   0x00000000       0x2c c:/sysgcc/arm-eabi/bin/../lib/gcc/arm-eabi/4.9.2/../../../../arm-eabi/lib/thumb/cortex_m4\libg.a(lib_a-sbrkr.o)
 .text          0x00000000       0x88 c:/sysgcc/arm-eabi/bin/../lib/gcc/arm-eabi/4.9.2/../../../../arm-eabi/lib/thumb/cortex_m4\libg.a(lib_a-stdio.o)
 .data          0x00000000        0x0 c:/sysgcc/arm-eabi/bin/../lib/gcc/arm-eabi/4.9.2/../../../../arm-eabi/lib/thumb/cortex_m4\libg.a(lib_a-stdio.o)
 .bss           0x00000000        0x0 c:/sysgcc/arm-eabi/bin/../lib/gcc/arm-eabi/4.9.2/../../../../arm-eabi/lib/thumb/cortex_m4\libg.a(lib_a-stdio.o)
 .debug_info    0x00000000      0xb8a c:/sysgcc/arm-eabi/bin/../lib/gcc/arm-eabi/4.9.2/../../../../arm-eabi/lib/thumb/cortex_m4\libg.a(lib_a-stdio.o)
 .debug_abbrev  0x00000000      0x246 c:/sysgcc/arm-eabi/bin/../lib/gcc/arm-eabi/4.9.2/../../../../arm-eabi/lib/thumb/cortex_m4\libg.a(lib_a-stdio.o)
 .debug_loc     0x00000000      0x29e c:/sysgcc/arm-eabi/bin/../lib/gcc/arm-eabi/4.9.2/../../../../arm-eabi/lib/thumb/cortex_m4\libg.a(lib_a-stdio.o)
 .debug_aranges
                0x00000000       0x20 c:/sysgcc/arm-eabi/bin/../lib/gcc/arm-eabi/4.9.2/../../../../arm-eabi/lib/thumb/cortex_m4\libg.a(lib_a-stdio.o)
 .debug_line    0x00000000      0x171 c:/sysgcc/arm-eabi/bin/../lib/gcc/arm-eabi/4.9.2/../../../../arm-eabi/lib/thumb/cortex_m4\libg.a(lib_a-stdio.o)
 .debug_str     0x00000000      0x5ef c:/sysgcc/arm-eabi/bin/../lib/gcc/arm-eabi/4.9.2/../../../../arm-eabi/lib/thumb/cortex_m4\libg.a(lib_a-stdio.o)
 .comment       0x00000000       0x12 c:/sysgcc/arm-eabi/bin/../lib/gcc/arm-eabi/4.9.2/../../../../arm-eabi/lib/thumb/cortex_m4\libg.a(lib_a-stdio.o)
 .ARM.attributes
                0x00000000       0x33 c:/sysgcc/arm-eabi/bin/../lib/gcc/arm-eabi/4.9.2/../../../../arm-eabi/lib/thumb/cortex_m4\libg.a(lib_a-stdio.o)
 .debug_frame   0x00000000       0x88 c:/sysgcc/arm-eabi/bin/../lib/gcc/arm-eabi/4.9.2/../../../../arm-eabi/lib/thumb/cortex_m4\libg.a(lib_a-stdio.o)
 .text          0x00000000       0x60 c:/sysgcc/arm-eabi/bin/../lib/gcc/arm-eabi/4.9.2/../../../../arm-eabi/lib/thumb/cortex_m4\libg.a(lib_a-strlen.o)
 .data          0x00000000        0x0 c:/sysgcc/arm-eabi/bin/../lib/gcc/arm-eabi/4.9.2/../../../../arm-eabi/lib/thumb/cortex_m4\libg.a(lib_a-strlen.o)
 .bss           0x00000000        0x0 c:/sysgcc/arm-eabi/bin/../lib/gcc/arm-eabi/4.9.2/../../../../arm-eabi/lib/thumb/cortex_m4\libg.a(lib_a-strlen.o)
 .debug_info    0x00000000       0xb5 c:/sysgcc/arm-eabi/bin/../lib/gcc/arm-eabi/4.9.2/../../../../arm-eabi/lib/thumb/cortex_m4\libg.a(lib_a-strlen.o)
 .debug_abbrev  0x00000000       0x70 c:/sysgcc/arm-eabi/bin/../lib/gcc/arm-eabi/4.9.2/../../../../arm-eabi/lib/thumb/cortex_m4\libg.a(lib_a-strlen.o)
 .debug_loc     0x00000000       0x21 c:/sysgcc/arm-eabi/bin/../lib/gcc/arm-eabi/4.9.2/../../../../arm-eabi/lib/thumb/cortex_m4\libg.a(lib_a-strlen.o)
 .debug_aranges
                0x00000000       0x20 c:/sysgcc/arm-eabi/bin/../lib/gcc/arm-eabi/4.9.2/../../../../arm-eabi/lib/thumb/cortex_m4\libg.a(lib_a-strlen.o)
 .debug_ranges  0x00000000       0x10 c:/sysgcc/arm-eabi/bin/../lib/gcc/arm-eabi/4.9.2/../../../../arm-eabi/lib/thumb/cortex_m4\libg.a(lib_a-strlen.o)
 .debug_line    0x00000000       0xe6 c:/sysgcc/arm-eabi/bin/../lib/gcc/arm-eabi/4.9.2/../../../../arm-eabi/lib/thumb/cortex_m4\libg.a(lib_a-strlen.o)
 .debug_str     0x00000000      0x1d0 c:/sysgcc/arm-eabi/bin/../lib/gcc/arm-eabi/4.9.2/../../../../arm-eabi/lib/thumb/cortex_m4\libg.a(lib_a-strlen.o)
 .comment       0x00000000       0x12 c:/sysgcc/arm-eabi/bin/../lib/gcc/arm-eabi/4.9.2/../../../../arm-eabi/lib/thumb/cortex_m4\libg.a(lib_a-strlen.o)
 .ARM.attributes
                0x00000000       0x33 c:/sysgcc/arm-eabi/bin/../lib/gcc/arm-eabi/4.9.2/../../../../arm-eabi/lib/thumb/cortex_m4\libg.a(lib_a-strlen.o)
 .debug_frame   0x00000000       0x20 c:/sysgcc/arm-eabi/bin/../lib/gcc/arm-eabi/4.9.2/../../../../arm-eabi/lib/thumb/cortex_m4\libg.a(lib_a-strlen.o)
 .text          0x00000000       0x28 c:/sysgcc/arm-eabi/bin/../lib/gcc/arm-eabi/4.9.2/../../../../arm-eabi/lib/thumb/cortex_m4\libg.a(lib_a-writer.o)
 .data          0x00000000        0x0 c:/sysgcc/arm-eabi/bin/../lib/gcc/arm-eabi/4.9.2/../../../../arm-eabi/lib/thumb/cortex_m4\libg.a(lib_a-writer.o)
 .bss           0x00000000        0x0 c:/sysgcc/arm-eabi/bin/../lib/gcc/arm-eabi/4.9.2/../../../../arm-eabi/lib/thumb/cortex_m4\libg.a(lib_a-writer.o)
 .debug_info    0x00000000      0x929 c:/sysgcc/arm-eabi/bin/../lib/gcc/arm-eabi/4.9.2/../../../../arm-eabi/lib/thumb/cortex_m4\libg.a(lib_a-writer.o)
 .debug_abbrev  0x00000000      0x1f4 c:/sysgcc/arm-eabi/bin/../lib/gcc/arm-eabi/4.9.2/../../../../arm-eabi/lib/thumb/cortex_m4\libg.a(lib_a-writer.o)
 .debug_loc     0x00000000       0xa5 c:/sysgcc/arm-eabi/bin/../lib/gcc/arm-eabi/4.9.2/../../../../arm-eabi/lib/thumb/cortex_m4\libg.a(lib_a-writer.o)
 .debug_aranges
                0x00000000       0x20 c:/sysgcc/arm-eabi/bin/../lib/gcc/arm-eabi/4.9.2/../../../../arm-eabi/lib/thumb/cortex_m4\libg.a(lib_a-writer.o)
 .debug_line    0x00000000      0x13a c:/sysgcc/arm-eabi/bin/../lib/gcc/arm-eabi/4.9.2/../../../../arm-eabi/lib/thumb/cortex_m4\libg.a(lib_a-writer.o)
 .debug_str     0x00000000      0x588 c:/sysgcc/arm-eabi/bin/../lib/gcc/arm-eabi/4.9.2/../../../../arm-eabi/lib/thumb/cortex_m4\libg.a(lib_a-writer.o)
 .comment       0x00000000       0x12 c:/sysgcc/arm-eabi/bin/../lib/gcc/arm-eabi/4.9.2/../../../../arm-eabi/lib/thumb/cortex_m4\libg.a(lib_a-writer.o)
 .ARM.attributes
                0x00000000       0x33 c:/sysgcc/arm-eabi/bin/../lib/gcc/arm-eabi/4.9.2/../../../../arm-eabi/lib/thumb/cortex_m4\libg.a(lib_a-writer.o)
 .debug_frame   0x00000000       0x2c c:/sysgcc/arm-eabi/bin/../lib/gcc/arm-eabi/4.9.2/../../../../arm-eabi/lib/thumb/cortex_m4\libg.a(lib_a-writer.o)
 .text          0x00000000       0x24 c:/sysgcc/arm-eabi/bin/../lib/gcc/arm-eabi/4.9.2/../../../../arm-eabi/lib/thumb/cortex_m4\libg.a(lib_a-closer.o)
 .data          0x00000000        0x0 c:/sysgcc/arm-eabi/bin/../lib/gcc/arm-eabi/4.9.2/../../../../arm-eabi/lib/thumb/cortex_m4\libg.a(lib_a-closer.o)
 .bss           0x00000000        0x0 c:/sysgcc/arm-eabi/bin/../lib/gcc/arm-eabi/4.9.2/../../../../arm-eabi/lib/thumb/cortex_m4\libg.a(lib_a-closer.o)
 .debug_info    0x00000000      0x8e0 c:/sysgcc/arm-eabi/bin/../lib/gcc/arm-eabi/4.9.2/../../../../arm-eabi/lib/thumb/cortex_m4\libg.a(lib_a-closer.o)
 .debug_abbrev  0x00000000      0x1ef c:/sysgcc/arm-eabi/bin/../lib/gcc/arm-eabi/4.9.2/../../../../arm-eabi/lib/thumb/cortex_m4\libg.a(lib_a-closer.o)
 .debug_loc     0x00000000       0x4d c:/sysgcc/arm-eabi/bin/../lib/gcc/arm-eabi/4.9.2/../../../../arm-eabi/lib/thumb/cortex_m4\libg.a(lib_a-closer.o)
 .debug_aranges
                0x00000000       0x20 c:/sysgcc/arm-eabi/bin/../lib/gcc/arm-eabi/4.9.2/../../../../arm-eabi/lib/thumb/cortex_m4\libg.a(lib_a-closer.o)
 .debug_line    0x00000000      0x139 c:/sysgcc/arm-eabi/bin/../lib/gcc/arm-eabi/4.9.2/../../../../arm-eabi/lib/thumb/cortex_m4\libg.a(lib_a-closer.o)
 .debug_str     0x00000000      0x578 c:/sysgcc/arm-eabi/bin/../lib/gcc/arm-eabi/4.9.2/../../../../arm-eabi/lib/thumb/cortex_m4\libg.a(lib_a-closer.o)
 .comment       0x00000000       0x12 c:/sysgcc/arm-eabi/bin/../lib/gcc/arm-eabi/4.9.2/../../../../arm-eabi/lib/thumb/cortex_m4\libg.a(lib_a-closer.o)
 .ARM.attributes
                0x00000000       0x33 c:/sysgcc/arm-eabi/bin/../lib/gcc/arm-eabi/4.9.2/../../../../arm-eabi/lib/thumb/cortex_m4\libg.a(lib_a-closer.o)
 .debug_frame   0x00000000       0x2c c:/sysgcc/arm-eabi/bin/../lib/gcc/arm-eabi/4.9.2/../../../../arm-eabi/lib/thumb/cortex_m4\libg.a(lib_a-closer.o)
 .text          0x00000000       0x94 c:/sysgcc/arm-eabi/bin/../lib/gcc/arm-eabi/4.9.2/../../../../arm-eabi/lib/thumb/cortex_m4\libg.a(lib_a-fclose.o)
 .data          0x00000000        0x0 c:/sysgcc/arm-eabi/bin/../lib/gcc/arm-eabi/4.9.2/../../../../arm-eabi/lib/thumb/cortex_m4\libg.a(lib_a-fclose.o)
 .bss           0x00000000        0x0 c:/sysgcc/arm-eabi/bin/../lib/gcc/arm-eabi/4.9.2/../../../../arm-eabi/lib/thumb/cortex_m4\libg.a(lib_a-fclose.o)
 .debug_info    0x00000000      0xa29 c:/sysgcc/arm-eabi/bin/../lib/gcc/arm-eabi/4.9.2/../../../../arm-eabi/lib/thumb/cortex_m4\libg.a(lib_a-fclose.o)
 .debug_abbrev  0x00000000      0x2aa c:/sysgcc/arm-eabi/bin/../lib/gcc/arm-eabi/4.9.2/../../../../arm-eabi/lib/thumb/cortex_m4\libg.a(lib_a-fclose.o)
 .debug_loc     0x00000000      0x151 c:/sysgcc/arm-eabi/bin/../lib/gcc/arm-eabi/4.9.2/../../../../arm-eabi/lib/thumb/cortex_m4\libg.a(lib_a-fclose.o)
 .debug_aranges
                0x00000000       0x20 c:/sysgcc/arm-eabi/bin/../lib/gcc/arm-eabi/4.9.2/../../../../arm-eabi/lib/thumb/cortex_m4\libg.a(lib_a-fclose.o)
 .debug_ranges  0x00000000       0x30 c:/sysgcc/arm-eabi/bin/../lib/gcc/arm-eabi/4.9.2/../../../../arm-eabi/lib/thumb/cortex_m4\libg.a(lib_a-fclose.o)
 .debug_line    0x00000000      0x178 c:/sysgcc/arm-eabi/bin/../lib/gcc/arm-eabi/4.9.2/../../../../arm-eabi/lib/thumb/cortex_m4\libg.a(lib_a-fclose.o)
 .debug_str     0x00000000      0x5e0 c:/sysgcc/arm-eabi/bin/../lib/gcc/arm-eabi/4.9.2/../../../../arm-eabi/lib/thumb/cortex_m4\libg.a(lib_a-fclose.o)
 .comment       0x00000000       0x12 c:/sysgcc/arm-eabi/bin/../lib/gcc/arm-eabi/4.9.2/../../../../arm-eabi/lib/thumb/cortex_m4\libg.a(lib_a-fclose.o)
 .ARM.attributes
                0x00000000       0x33 c:/sysgcc/arm-eabi/bin/../lib/gcc/arm-eabi/4.9.2/../../../../arm-eabi/lib/thumb/cortex_m4\libg.a(lib_a-fclose.o)
 .debug_frame   0x00000000       0x44 c:/sysgcc/arm-eabi/bin/../lib/gcc/arm-eabi/4.9.2/../../../../arm-eabi/lib/thumb/cortex_m4\libg.a(lib_a-fclose.o)
 .text          0x00000000      0x1a4 c:/sysgcc/arm-eabi/bin/../lib/gcc/arm-eabi/4.9.2/../../../../arm-eabi/lib/thumb/cortex_m4\libg.a(lib_a-fflush.o)
 .data          0x00000000        0x0 c:/sysgcc/arm-eabi/bin/../lib/gcc/arm-eabi/4.9.2/../../../../arm-eabi/lib/thumb/cortex_m4\libg.a(lib_a-fflush.o)
 .bss           0x00000000        0x0 c:/sysgcc/arm-eabi/bin/../lib/gcc/arm-eabi/4.9.2/../../../../arm-eabi/lib/thumb/cortex_m4\libg.a(lib_a-fflush.o)
 .debug_info    0x00000000      0xab0 c:/sysgcc/arm-eabi/bin/../lib/gcc/arm-eabi/4.9.2/../../../../arm-eabi/lib/thumb/cortex_m4\libg.a(lib_a-fflush.o)
 .debug_abbrev  0x00000000      0x283 c:/sysgcc/arm-eabi/bin/../lib/gcc/arm-eabi/4.9.2/../../../../arm-eabi/lib/thumb/cortex_m4\libg.a(lib_a-fflush.o)
 .debug_loc     0x00000000      0x257 c:/sysgcc/arm-eabi/bin/../lib/gcc/arm-eabi/4.9.2/../../../../arm-eabi/lib/thumb/cortex_m4\libg.a(lib_a-fflush.o)
 .debug_aranges
                0x00000000       0x20 c:/sysgcc/arm-eabi/bin/../lib/gcc/arm-eabi/4.9.2/../../../../arm-eabi/lib/thumb/cortex_m4\libg.a(lib_a-fflush.o)
 .debug_ranges  0x00000000       0x60 c:/sysgcc/arm-eabi/bin/../lib/gcc/arm-eabi/4.9.2/../../../../arm-eabi/lib/thumb/cortex_m4\libg.a(lib_a-fflush.o)
 .debug_line    0x00000000      0x216 c:/sysgcc/arm-eabi/bin/../lib/gcc/arm-eabi/4.9.2/../../../../arm-eabi/lib/thumb/cortex_m4\libg.a(lib_a-fflush.o)
 .debug_str     0x00000000      0x5f4 c:/sysgcc/arm-eabi/bin/../lib/gcc/arm-eabi/4.9.2/../../../../arm-eabi/lib/thumb/cortex_m4\libg.a(lib_a-fflush.o)
 .comment       0x00000000       0x12 c:/sysgcc/arm-eabi/bin/../lib/gcc/arm-eabi/4.9.2/../../../../arm-eabi/lib/thumb/cortex_m4\libg.a(lib_a-fflush.o)
 .ARM.attributes
                0x00000000       0x33 c:/sysgcc/arm-eabi/bin/../lib/gcc/arm-eabi/4.9.2/../../../../arm-eabi/lib/thumb/cortex_m4\libg.a(lib_a-fflush.o)
 .debug_frame   0x00000000       0x6c c:/sysgcc/arm-eabi/bin/../lib/gcc/arm-eabi/4.9.2/../../../../arm-eabi/lib/thumb/cortex_m4\libg.a(lib_a-fflush.o)
 .text          0x00000000      0x24c c:/sysgcc/arm-eabi/bin/../lib/gcc/arm-eabi/4.9.2/../../../../arm-eabi/lib/thumb/cortex_m4\libg.a(lib_a-freer.o)
 .data          0x00000000        0x0 c:/sysgcc/arm-eabi/bin/../lib/gcc/arm-eabi/4.9.2/../../../../arm-eabi/lib/thumb/cortex_m4\libg.a(lib_a-freer.o)
 .bss           0x00000000        0x0 c:/sysgcc/arm-eabi/bin/../lib/gcc/arm-eabi/4.9.2/../../../../arm-eabi/lib/thumb/cortex_m4\libg.a(lib_a-freer.o)
 .debug_info    0x00000000      0xc1c c:/sysgcc/arm-eabi/bin/../lib/gcc/arm-eabi/4.9.2/../../../../arm-eabi/lib/thumb/cortex_m4\libg.a(lib_a-freer.o)
 .debug_abbrev  0x00000000      0x27b c:/sysgcc/arm-eabi/bin/../lib/gcc/arm-eabi/4.9.2/../../../../arm-eabi/lib/thumb/cortex_m4\libg.a(lib_a-freer.o)
 .debug_loc     0x00000000      0x4fd c:/sysgcc/arm-eabi/bin/../lib/gcc/arm-eabi/4.9.2/../../../../arm-eabi/lib/thumb/cortex_m4\libg.a(lib_a-freer.o)
 .debug_aranges
                0x00000000       0x20 c:/sysgcc/arm-eabi/bin/../lib/gcc/arm-eabi/4.9.2/../../../../arm-eabi/lib/thumb/cortex_m4\libg.a(lib_a-freer.o)
 .debug_line    0x00000000      0x239 c:/sysgcc/arm-eabi/bin/../lib/gcc/arm-eabi/4.9.2/../../../../arm-eabi/lib/thumb/cortex_m4\libg.a(lib_a-freer.o)
 .debug_str     0x00000000      0x6ed c:/sysgcc/arm-eabi/bin/../lib/gcc/arm-eabi/4.9.2/../../../../arm-eabi/lib/thumb/cortex_m4\libg.a(lib_a-freer.o)
 .comment       0x00000000       0x12 c:/sysgcc/arm-eabi/bin/../lib/gcc/arm-eabi/4.9.2/../../../../arm-eabi/lib/thumb/cortex_m4\libg.a(lib_a-freer.o)
 .ARM.attributes
                0x00000000       0x33 c:/sysgcc/arm-eabi/bin/../lib/gcc/arm-eabi/4.9.2/../../../../arm-eabi/lib/thumb/cortex_m4\libg.a(lib_a-freer.o)
 .debug_frame   0x00000000       0x74 c:/sysgcc/arm-eabi/bin/../lib/gcc/arm-eabi/4.9.2/../../../../arm-eabi/lib/thumb/cortex_m4\libg.a(lib_a-freer.o)
 .text          0x00000000       0x28 c:/sysgcc/arm-eabi/bin/../lib/gcc/arm-eabi/4.9.2/../../../../arm-eabi/lib/thumb/cortex_m4\libg.a(lib_a-lseekr.o)
 .data          0x00000000        0x0 c:/sysgcc/arm-eabi/bin/../lib/gcc/arm-eabi/4.9.2/../../../../arm-eabi/lib/thumb/cortex_m4\libg.a(lib_a-lseekr.o)
 .bss           0x00000000        0x0 c:/sysgcc/arm-eabi/bin/../lib/gcc/arm-eabi/4.9.2/../../../../arm-eabi/lib/thumb/cortex_m4\libg.a(lib_a-lseekr.o)
 .debug_info    0x00000000      0x90c c:/sysgcc/arm-eabi/bin/../lib/gcc/arm-eabi/4.9.2/../../../../arm-eabi/lib/thumb/cortex_m4\libg.a(lib_a-lseekr.o)
 .debug_abbrev  0x00000000      0x1fe c:/sysgcc/arm-eabi/bin/../lib/gcc/arm-eabi/4.9.2/../../../../arm-eabi/lib/thumb/cortex_m4\libg.a(lib_a-lseekr.o)
 .debug_loc     0x00000000       0xa5 c:/sysgcc/arm-eabi/bin/../lib/gcc/arm-eabi/4.9.2/../../../../arm-eabi/lib/thumb/cortex_m4\libg.a(lib_a-lseekr.o)
 .debug_aranges
                0x00000000       0x20 c:/sysgcc/arm-eabi/bin/../lib/gcc/arm-eabi/4.9.2/../../../../arm-eabi/lib/thumb/cortex_m4\libg.a(lib_a-lseekr.o)
 .debug_line    0x00000000      0x13a c:/sysgcc/arm-eabi/bin/../lib/gcc/arm-eabi/4.9.2/../../../../arm-eabi/lib/thumb/cortex_m4\libg.a(lib_a-lseekr.o)
 .debug_str     0x00000000      0x586 c:/sysgcc/arm-eabi/bin/../lib/gcc/arm-eabi/4.9.2/../../../../arm-eabi/lib/thumb/cortex_m4\libg.a(lib_a-lseekr.o)
 .comment       0x00000000       0x12 c:/sysgcc/arm-eabi/bin/../lib/gcc/arm-eabi/4.9.2/../../../../arm-eabi/lib/thumb/cortex_m4\libg.a(lib_a-lseekr.o)
 .ARM.attributes
                0x00000000       0x33 c:/sysgcc/arm-eabi/bin/../lib/gcc/arm-eabi/4.9.2/../../../../arm-eabi/lib/thumb/cortex_m4\libg.a(lib_a-lseekr.o)
 .debug_frame   0x00000000       0x2c c:/sysgcc/arm-eabi/bin/../lib/gcc/arm-eabi/4.9.2/../../../../arm-eabi/lib/thumb/cortex_m4\libg.a(lib_a-lseekr.o)
 .text          0x00000000       0x28 c:/sysgcc/arm-eabi/bin/../lib/gcc/arm-eabi/4.9.2/../../../../arm-eabi/lib/thumb/cortex_m4\libg.a(lib_a-readr.o)
 .data          0x00000000        0x0 c:/sysgcc/arm-eabi/bin/../lib/gcc/arm-eabi/4.9.2/../../../../arm-eabi/lib/thumb/cortex_m4\libg.a(lib_a-readr.o)
 .bss           0x00000000        0x0 c:/sysgcc/arm-eabi/bin/../lib/gcc/arm-eabi/4.9.2/../../../../arm-eabi/lib/thumb/cortex_m4\libg.a(lib_a-readr.o)
 .debug_info    0x00000000      0x922 c:/sysgcc/arm-eabi/bin/../lib/gcc/arm-eabi/4.9.2/../../../../arm-eabi/lib/thumb/cortex_m4\libg.a(lib_a-readr.o)
 .debug_abbrev  0x00000000      0x1ef c:/sysgcc/arm-eabi/bin/../lib/gcc/arm-eabi/4.9.2/../../../../arm-eabi/lib/thumb/cortex_m4\libg.a(lib_a-readr.o)
 .debug_loc     0x00000000       0xa5 c:/sysgcc/arm-eabi/bin/../lib/gcc/arm-eabi/4.9.2/../../../../arm-eabi/lib/thumb/cortex_m4\libg.a(lib_a-readr.o)
 .debug_aranges
                0x00000000       0x20 c:/sysgcc/arm-eabi/bin/../lib/gcc/arm-eabi/4.9.2/../../../../arm-eabi/lib/thumb/cortex_m4\libg.a(lib_a-readr.o)
 .debug_line    0x00000000      0x139 c:/sysgcc/arm-eabi/bin/../lib/gcc/arm-eabi/4.9.2/../../../../arm-eabi/lib/thumb/cortex_m4\libg.a(lib_a-readr.o)
 .debug_str     0x00000000      0x586 c:/sysgcc/arm-eabi/bin/../lib/gcc/arm-eabi/4.9.2/../../../../arm-eabi/lib/thumb/cortex_m4\libg.a(lib_a-readr.o)
 .comment       0x00000000       0x12 c:/sysgcc/arm-eabi/bin/../lib/gcc/arm-eabi/4.9.2/../../../../arm-eabi/lib/thumb/cortex_m4\libg.a(lib_a-readr.o)
 .ARM.attributes
                0x00000000       0x33 c:/sysgcc/arm-eabi/bin/../lib/gcc/arm-eabi/4.9.2/../../../../arm-eabi/lib/thumb/cortex_m4\libg.a(lib_a-readr.o)
 .debug_frame   0x00000000       0x2c c:/sysgcc/arm-eabi/bin/../lib/gcc/arm-eabi/4.9.2/../../../../arm-eabi/lib/thumb/cortex_m4\libg.a(lib_a-readr.o)
 .text          0x00000000       0xa4 c:/sysgcc/arm-eabi/bin/../lib/gcc/arm-eabi/4.9.2/../../../../arm-eabi/lib/thumb/cortex_m4\libg.a(lib_a-reent.o)
 .data          0x00000000        0x0 c:/sysgcc/arm-eabi/bin/../lib/gcc/arm-eabi/4.9.2/../../../../arm-eabi/lib/thumb/cortex_m4\libg.a(lib_a-reent.o)
 .bss           0x00000000        0x0 c:/sysgcc/arm-eabi/bin/../lib/gcc/arm-eabi/4.9.2/../../../../arm-eabi/lib/thumb/cortex_m4\libg.a(lib_a-reent.o)
 .debug_info    0x00000000      0x9fb c:/sysgcc/arm-eabi/bin/../lib/gcc/arm-eabi/4.9.2/../../../../arm-eabi/lib/thumb/cortex_m4\libg.a(lib_a-reent.o)
 .debug_abbrev  0x00000000      0x25c c:/sysgcc/arm-eabi/bin/../lib/gcc/arm-eabi/4.9.2/../../../../arm-eabi/lib/thumb/cortex_m4\libg.a(lib_a-reent.o)
 .debug_loc     0x00000000      0x11d c:/sysgcc/arm-eabi/bin/../lib/gcc/arm-eabi/4.9.2/../../../../arm-eabi/lib/thumb/cortex_m4\libg.a(lib_a-reent.o)
 .debug_aranges
                0x00000000       0x20 c:/sysgcc/arm-eabi/bin/../lib/gcc/arm-eabi/4.9.2/../../../../arm-eabi/lib/thumb/cortex_m4\libg.a(lib_a-reent.o)
 .debug_line    0x00000000      0x163 c:/sysgcc/arm-eabi/bin/../lib/gcc/arm-eabi/4.9.2/../../../../arm-eabi/lib/thumb/cortex_m4\libg.a(lib_a-reent.o)
 .debug_str     0x00000000      0x5b3 c:/sysgcc/arm-eabi/bin/../lib/gcc/arm-eabi/4.9.2/../../../../arm-eabi/lib/thumb/cortex_m4\libg.a(lib_a-reent.o)
 .comment       0x00000000       0x12 c:/sysgcc/arm-eabi/bin/../lib/gcc/arm-eabi/4.9.2/../../../../arm-eabi/lib/thumb/cortex_m4\libg.a(lib_a-reent.o)
 .ARM.attributes
                0x00000000       0x33 c:/sysgcc/arm-eabi/bin/../lib/gcc/arm-eabi/4.9.2/../../../../arm-eabi/lib/thumb/cortex_m4\libg.a(lib_a-reent.o)
 .debug_frame   0x00000000       0x58 c:/sysgcc/arm-eabi/bin/../lib/gcc/arm-eabi/4.9.2/../../../../arm-eabi/lib/thumb/cortex_m4\libg.a(lib_a-reent.o)
 COMMON         0x00000000        0x4 c:/sysgcc/arm-eabi/bin/../lib/gcc/arm-eabi/4.9.2/../../../../arm-eabi/lib/thumb/cortex_m4\libg.a(lib_a-reent.o)
 .text          0x00000000        0x0 c:/sysgcc/arm-eabi/bin/../lib/gcc/arm-eabi/4.9.2/thumb/cortex_m4/crtend.o
 .data          0x00000000        0x0 c:/sysgcc/arm-eabi/bin/../lib/gcc/arm-eabi/4.9.2/thumb/cortex_m4/crtend.o
 .bss           0x00000000        0x0 c:/sysgcc/arm-eabi/bin/../lib/gcc/arm-eabi/4.9.2/thumb/cortex_m4/crtend.o
 .eh_frame      0x00000000        0x4 c:/sysgcc/arm-eabi/bin/../lib/gcc/arm-eabi/4.9.2/thumb/cortex_m4/crtend.o
 .jcr           0x00000000        0x4 c:/sysgcc/arm-eabi/bin/../lib/gcc/arm-eabi/4.9.2/thumb/cortex_m4/crtend.o
 .text          0x00000000        0x0 c:/sysgcc/arm-eabi/bin/../lib/gcc/arm-eabi/4.9.2/thumb/cortex_m4/crtn.o
 .data          0x00000000        0x0 c:/sysgcc/arm-eabi/bin/../lib/gcc/arm-eabi/4.9.2/thumb/cortex_m4/crtn.o
 .bss           0x00000000        0x0 c:/sysgcc/arm-eabi/bin/../lib/gcc/arm-eabi/4.9.2/thumb/cortex_m4/crtn.o

Memory Configuration

Name             Origin             Length             Attributes
FLASH_OS_IVEC    0x08020000         0x00000190         xr
FLASH_OS_INFO    0x08020190         0x00000020         r
FLASH_OS_TEX     0x080201b0         0x0003fe40         xr
FLASH_OS_CRC     0x0805fff0         0x00000010         r
RAM              0x20000000         0x00020000         xrw
*default*        0x00000000         0xffffffff

Linker script and memory map

LOAD c:/sysgcc/arm-eabi/bin/../lib/gcc/arm-eabi/4.9.2/thumb/cortex_m4/crti.o
LOAD c:/sysgcc/arm-eabi/bin/../lib/gcc/arm-eabi/4.9.2/thumb/cortex_m4/crtbegin.o
LOAD c:/sysgcc/arm-eabi/bin/../lib/gcc/arm-eabi/4.9.2/../../../../arm-eabi/lib/thumb/cortex_m4/crt0.o
LOAD startup.out
LOAD entry.out
START GROUP
LOAD c:/sysgcc/arm-eabi/bin/../lib/gcc/arm-eabi/4.9.2/thumb/cortex_m4\libgcc.a
LOAD c:/sysgcc/arm-eabi/bin/../lib/gcc/arm-eabi/4.9.2/../../../../arm-eabi/lib/thumb/cortex_m4\libg.a
LOAD c:/sysgcc/arm-eabi/bin/../lib/gcc/arm-eabi/4.9.2/../../../../arm-eabi/lib/thumb/cortex_m4\libc.a
END GROUP
LOAD c:/sysgcc/arm-eabi/bin/../lib/gcc/arm-eabi/4.9.2/thumb/cortex_m4/crtend.o
LOAD c:/sysgcc/arm-eabi/bin/../lib/gcc/arm-eabi/4.9.2/thumb/cortex_m4/crtn.o
                0x2001ffff                _estack = 0x2001ffff
                0x00000000                _Min_Heap_Size = 0x0
                0x00000400                _Min_Stack_Size = 0x400

.isr_vector     0x08020000       0x40
                0x08020000                . = ALIGN (0x4)
 *(.isr_vector)
 .isr_vector    0x08020000       0x40 startup.out
                0x08020000                g_pfnVectors
                0x08020040                . = ALIGN (0x4)

.text           0x080201b0       0xe0
                0x080201b0                . = ALIGN (0x4)
 *(.text.Reset_Handler)
 .text.Reset_Handler
                0x080201b0        0x8 startup.out
                0x080201b0                Reset_Handler
 *(.text)
 .text          0x080201b8       0xa4 c:/sysgcc/arm-eabi/bin/../lib/gcc/arm-eabi/4.9.2/thumb/cortex_m4/crtbegin.o
 *(.text*)
 .text.Default_Handler
                0x0802025c        0x2 startup.out
                0x0802025c                DebugMon_Handler
                0x0802025c                HardFault_Handler
                0x0802025c                SysTick_Handler
                0x0802025c                PendSV_Handler
                0x0802025c                NMI_Handler
                0x0802025c                UsageFault_Handler
                0x0802025c                Default_Handler
                0x0802025c                MemManage_Handler
                0x0802025c                SVC_Handler
                0x0802025c                BusFault_Handler
 *fill*         0x0802025e        0x2 
 .text.c_entry  0x08020260       0x18 entry.out
                0x08020260                c_entry
 *(.rodata)
 *(.rodata*)
 *(.glue_7)
 .glue_7        0x00000000        0x0 linker stubs
 *(.glue_7t)
 .glue_7t       0x00000000        0x0 linker stubs
 *(.eh_frame)
 .eh_frame      0x08020278        0x0 c:/sysgcc/arm-eabi/bin/../lib/gcc/arm-eabi/4.9.2/thumb/cortex_m4/crtbegin.o
 *(.init)
 .init          0x08020278        0x4 c:/sysgcc/arm-eabi/bin/../lib/gcc/arm-eabi/4.9.2/thumb/cortex_m4/crti.o
                0x08020278                _init
 .init          0x0802027c        0x8 c:/sysgcc/arm-eabi/bin/../lib/gcc/arm-eabi/4.9.2/thumb/cortex_m4/crtn.o
 *(.fini)
 .fini          0x08020284        0x4 c:/sysgcc/arm-eabi/bin/../lib/gcc/arm-eabi/4.9.2/thumb/cortex_m4/crti.o
                0x08020284                _fini
 .fini          0x08020288        0x8 c:/sysgcc/arm-eabi/bin/../lib/gcc/arm-eabi/4.9.2/thumb/cortex_m4/crtn.o
                0x08020290                . = ALIGN (0x4)
                0x08020290                _etext = .

.vfp11_veneer   0x08020290        0x0
 .vfp11_veneer  0x00000000        0x0 linker stubs

.v4_bx          0x08020290        0x0
 .v4_bx         0x00000000        0x0 linker stubs

.iplt           0x08020290        0x0
 .iplt          0x00000000        0x0 c:/sysgcc/arm-eabi/bin/../lib/gcc/arm-eabi/4.9.2/thumb/cortex_m4/crtbegin.o

.rel.dyn        0x08020290        0x0
 .rel.iplt      0x00000000        0x0 c:/sysgcc/arm-eabi/bin/../lib/gcc/arm-eabi/4.9.2/thumb/cortex_m4/crtbegin.o

.ARM.extab
 *(.ARM.extab* .gnu.linkonce.armextab.*)

.ARM            0x08020290        0x0
                0x08020290                __exidx_start = .
 *(.ARM.exidx*)
                0x08020290                __exidx_end = .

.preinit_array  0x08020290        0x0
                0x08020290                PROVIDE (__preinit_array_start, .)
 *(.preinit_array*)
                0x08020290                PROVIDE (__preinit_array_end, .)

.init_array     0x08020290        0x4
                0x08020290                PROVIDE (__init_array_start, .)
 *(SORT(.init_array.*))
 *(.init_array*)
 .init_array    0x08020290        0x4 c:/sysgcc/arm-eabi/bin/../lib/gcc/arm-eabi/4.9.2/thumb/cortex_m4/crtbegin.o
                0x08020294                PROVIDE (__init_array_end, .)

.fini_array     0x08020294        0x4
                0x08020294                PROVIDE (__fini_array_start, .)
 *(.fini_array*)
 .fini_array    0x08020294        0x4 c:/sysgcc/arm-eabi/bin/../lib/gcc/arm-eabi/4.9.2/thumb/cortex_m4/crtbegin.o
 *(SORT(.fini_array.*))
                0x08020298                PROVIDE (__fini_array_end, .)
                0x08020298                _sidata = .

.mydata         0x20000000        0x0
                0x20000000                . = ALIGN (0x4)
                0x20000000                . = ALIGN (0x4)

.data           0x20000000        0x0 load address 0x08020298
                0x20000000                . = ALIGN (0x4)
                0x20000000                _sdata = .
 *(.ramfunc)
                0x20000000                . = ALIGN (0x4)
 *(.data)
 *(.data*)
                0x20000000                . = ALIGN (0x4)
                0x20000000                _edata = .

.jcr            0x20000000        0x0
 .jcr           0x20000000        0x0 c:/sysgcc/arm-eabi/bin/../lib/gcc/arm-eabi/4.9.2/thumb/cortex_m4/crtbegin.o

.tm_clone_table
                0x20000000        0x0
 .tm_clone_table
                0x20000000        0x0 c:/sysgcc/arm-eabi/bin/../lib/gcc/arm-eabi/4.9.2/thumb/cortex_m4/crtbegin.o
 .tm_clone_table
                0x20000000        0x0 c:/sysgcc/arm-eabi/bin/../lib/gcc/arm-eabi/4.9.2/thumb/cortex_m4/crtend.o

.igot.plt       0x20000000        0x0
 .igot.plt      0x00000000        0x0 c:/sysgcc/arm-eabi/bin/../lib/gcc/arm-eabi/4.9.2/thumb/cortex_m4/crtbegin.o
                0x20000000                . = ALIGN (0x4)

.bss            0x20000000       0x1c
                0x20000000                _sbss = .
                0x20000000                __bss_start__ = _sbss
 *(.bss)
 .bss           0x20000000       0x1c c:/sysgcc/arm-eabi/bin/../lib/gcc/arm-eabi/4.9.2/thumb/cortex_m4/crtbegin.o
 *(.bss*)
 *(COMMON)
                0x2000001c                . = ALIGN (0x4)
                0x2000001c                _ebss = .
                0x2000001c                __bss_end__ = _ebss

._user_heap_stack
                0x2000001c      0x400
                0x2000001c                . = ALIGN (0x4)
                0x2000001c                PROVIDE (end, .)
                0x2000001c                PROVIDE (_end, .)
                0x2000001c                PROVIDE (__end__, .)
                0x2000001c                . = (. + _Min_Heap_Size)
 *(.ram.TOS)
                0x2000041c                . = (. + _Min_Stack_Size)
 *fill*         0x2000001c      0x400 
                0x2000041c                . = ALIGN (0x4)

/DISCARD/
 libc.a(*)
 libm.a(*)
 libgcc.a(*)

.ARM.attributes
                0x00000000       0x2f
 *(.ARM.attributes)
 .ARM.attributes
                0x00000000       0x23 c:/sysgcc/arm-eabi/bin/../lib/gcc/arm-eabi/4.9.2/thumb/cortex_m4/crti.o
 .ARM.attributes
                0x00000023       0x33 c:/sysgcc/arm-eabi/bin/../lib/gcc/arm-eabi/4.9.2/thumb/cortex_m4/crtbegin.o
 .ARM.attributes
                0x00000056       0x21 startup.out
 .ARM.attributes
                0x00000077       0x33 entry.out
 .ARM.attributes
                0x000000aa       0x33 c:/sysgcc/arm-eabi/bin/../lib/gcc/arm-eabi/4.9.2/thumb/cortex_m4/crtend.o
 .ARM.attributes
                0x000000dd       0x23 c:/sysgcc/arm-eabi/bin/../lib/gcc/arm-eabi/4.9.2/thumb/cortex_m4/crtn.o
OUTPUT(exec.elf elf32-littlearm)

.comment        0x00000000       0x11
 .comment       0x00000000       0x11 c:/sysgcc/arm-eabi/bin/../lib/gcc/arm-eabi/4.9.2/thumb/cortex_m4/crtbegin.o
                                 0x12 (size before relaxing)
 .comment       0x00000000       0x12 entry.out
 .comment       0x00000000       0x12 c:/sysgcc/arm-eabi/bin/../lib/gcc/arm-eabi/4.9.2/thumb/cortex_m4/crtend.o

.debug_info     0x00000000       0x7d
 .debug_info    0x00000000       0x7d entry.out

.debug_abbrev   0x00000000       0x40
 .debug_abbrev  0x00000000       0x40 entry.out

.debug_aranges  0x00000000       0x20
 .debug_aranges
                0x00000000       0x20 entry.out

.debug_ranges   0x00000000       0x10
 .debug_ranges  0x00000000       0x10 entry.out

.debug_line     0x00000000       0x3d
 .debug_line    0x00000000       0x3d entry.out

.debug_str      0x00000000       0xf7
 .debug_str     0x00000000       0xf7 entry.out
                                0x12b (size before relaxing)

.debug_frame    0x00000000       0x34
 .debug_frame   0x00000000       0x34 entry.out
